2026-04-23 06:24:32,613 - dataset_collector - WARNING - [warning]Capture interrupted by user[/warning]
2026-04-23 06:24:33,014 - dataset_collector - INFO - [success] Capture done. Total saved images: 2. Skipped blurry frames: 7. Skipped near-duplicate frames: 69[/success]
2026-04-23 08:41:09,076 - dataset_collector - WARNING - [warning]Capture interrupted by user[/warning]
2026-04-23 08:41:09,416 - dataset_collector - INFO - [success] Capture done. Total saved images: 1. Skipped blurry frames: 0. Skipped near-duplicate frames: 16[/success]
2026-04-23 08:50:54,097 - dataset_collector - INFO - [success] Capture done. Total saved images: 1. Skipped blurry frames: 4041. Skipped near-duplicate frames: 0[/success]
2026-04-23 08:56:55,415 - dataset_collector - INFO - [success] Finished mode left: 5/5 (duplicate skipped: 41)[/success]
2026-04-23 08:57:46,724 - dataset_collector - WARNING - [warning]Capture interrupted by user[/warning]
2026-04-23 08:57:47,088 - dataset_collector - INFO - [success] Capture done. Total saved images: 9. Skipped blurry frames: 1355. Skipped near-duplicate frames: 103[/success]
2026-04-23 08:58:25,588 - dataset_collector - INFO - [success] Finished mode left: 5/5 (duplicate skipped: 207)[/success]
2026-04-23 08:59:36,930 - dataset_collector - INFO - [success] Finished mode left: 15/15 (duplicate skipped: 493)[/success]
2026-04-23 09:00:18,033 - dataset_collector - INFO - [success] Finished mode right: 15/15 (duplicate skipped: 489)[/success]
2026-04-23 09:03:00,419 - dataset_collector - INFO - [success] Finished mode both: 15/15 (duplicate skipped: 370)[/success]
2026-04-23 09:03:00,786 - dataset_collector - INFO - [success] Capture done. Total saved images: 45. Skipped blurry frames: 1976. Skipped near-duplicate frames: 1352[/success]
2026-04-23 09:04:00,324 - dataset_collector - INFO - [success] Finished mode left: 15/15 (duplicate skipped: 669)[/success]
2026-04-23 09:04:33,521 - dataset_collector - INFO - [success] Finished mode right: 15/15 (duplicate skipped: 330)[/success]
2026-04-23 09:05:09,068 - dataset_collector - INFO - [success] Finished mode both: 15/15 (duplicate skipped: 184)[/success]
2026-04-23 09:05:09,424 - dataset_collector - INFO - [success] Capture done. Total saved images: 45. Skipped blurry frames: 7. Skipped near-duplicate frames: 1183[/success]
2026-04-23 09:08:49,524 - dataset_collector - INFO - [success] Finished mode left: 15/15 (duplicate skipped: 659)[/success]
2026-04-23 09:12:40,255 - dataset_collector - INFO - [success] Finished mode right: 15/15 (duplicate skipped: 1384)[/success]
2026-04-23 09:13:34,706 - dataset_collector - INFO - [success] Finished mode both: 15/15 (duplicate skipped: 131)[/success]
2026-04-23 09:13:35,088 - dataset_collector - INFO - [success] Capture done. Total saved images: 45. Skipped blurry frames: 920. Skipped near-duplicate frames: 2174[/success]
2026-04-23 09:14:58,875 - dataset_collector - INFO - [success] Finished mode left: 15/15 (duplicate skipped: 517)[/success]
2026-04-23 09:15:45,747 - dataset_collector - INFO - [success] Finished mode right: 15/15 (duplicate skipped: 448)[/success]
2026-04-23 09:16:11,283 - dataset_collector - INFO - [success] Finished mode both: 15/15 (duplicate skipped: 223)[/success]
2026-04-23 09:16:11,651 - dataset_collector - INFO - [success] Capture done. Total saved images: 45. Skipped blurry frames: 33. Skipped near-duplicate frames: 1188[/success]
2026-04-23 09:18:34,281 - dataset_collector - INFO - [success] Finished mode left: 15/15 (duplicate skipped: 380)[/success]
2026-04-23 09:19:40,331 - dataset_collector - INFO - [success] Finished mode right: 15/15 (duplicate skipped: 928)[/success]
2026-04-23 09:19:59,670 - dataset_collector - INFO - [success] Finished mode both: 15/15 (duplicate skipped: 79)[/success]
2026-04-23 09:20:00,056 - dataset_collector - INFO - [success] Capture done. Total saved images: 45. Skipped blurry frames: 20. Skipped near-duplicate frames: 1387[/success]
2026-04-23 09:21:18,265 - dataset_collector - INFO - [success] Finished mode left: 15/15 (duplicate skipped: 897)[/success]
2026-04-23 09:22:27,806 - dataset_collector - INFO - [success] Finished mode right: 15/15 (duplicate skipped: 754)[/success]
2026-04-23 09:23:25,426 - dataset_collector - INFO - [success] Finished mode both: 15/15 (duplicate skipped: 110)[/success]
2026-04-23 09:23:25,818 - dataset_collector - INFO - [success] Capture done. Total saved images: 45. Skipped blurry frames: 6. Skipped near-duplicate frames: 1761[/success]
2026-04-23 09:25:36,754 - dataset_collector - INFO - [success] Finished mode left: 15/15 (duplicate skipped: 856)[/success]
2026-04-23 09:27:20,041 - dataset_collector - INFO - [success] Finished mode right: 15/15 (duplicate skipped: 501)[/success]
2026-04-23 09:29:58,826 - dataset_collector - INFO - [success] Finished mode both: 15/15 (duplicate skipped: 375)[/success]
2026-04-23 09:29:59,200 - dataset_collector - INFO - [success] Capture done. Total saved images: 45. Skipped blurry frames: 4068. Skipped near-duplicate frames: 1732[/success]
2026-04-23 09:31:19,249 - dataset_collector - INFO - [success] Finished mode left: 15/15 (duplicate skipped: 599)[/success]
2026-04-23 09:31:42,265 - dataset_collector - INFO - [success] Finished mode right: 15/15 (duplicate skipped: 155)[/success]
2026-04-23 09:32:05,258 - dataset_collector - INFO - [success] Finished mode both: 15/15 (duplicate skipped: 98)[/success]
2026-04-23 09:32:05,634 - dataset_collector - INFO - [success] Capture done. Total saved images: 45. Skipped blurry frames: 69. Skipped near-duplicate frames: 852[/success]
2026-04-23 09:33:16,463 - dataset_collector - INFO - [success] Finished mode left: 15/15 (duplicate skipped: 491)[/success]
2026-04-23 09:36:19,535 - dataset_collector - INFO - [success] Finished mode right: 15/15 (duplicate skipped: 537)[/success]
2026-04-23 09:36:43,568 - dataset_collector - INFO - [success] Finished mode both: 15/15 (duplicate skipped: 160)[/success]
2026-04-23 09:36:43,899 - dataset_collector - INFO - [success] Capture done. Total saved images: 45. Skipped blurry frames: 2896. Skipped near-duplicate frames: 1188[/success]
2026-04-23 10:31:20,610 - dataset_collector - INFO - [success] Finished mode left: 15/15 (duplicate skipped: 178)[/success]
2026-04-23 10:32:34,437 - dataset_collector - INFO - [success] Finished mode right: 15/15 (duplicate skipped: 316)[/success]
2026-04-23 10:33:05,876 - dataset_collector - INFO - [success] Finished mode both: 15/15 (duplicate skipped: 350)[/success]
2026-04-23 10:33:06,221 - dataset_collector - INFO - [success] Capture done. Total saved images: 45. Skipped blurry frames: 1367. Skipped near-duplicate frames: 844[/success]
2026-04-23 10:34:09,968 - dataset_collector - INFO - [success] Finished mode left: 15/15 (duplicate skipped: 238)[/success]
2026-04-23 10:35:23,751 - dataset_collector - INFO - [success] Finished mode right: 15/15 (duplicate skipped: 464)[/success]
2026-04-23 10:59:27,397 - dataset_collector - INFO - [success] Finished mode left: 15/15 (duplicate skipped: 334)[/success]
2026-04-23 11:00:49,051 - dataset_collector - INFO - [success] Finished mode right: 15/15 (duplicate skipped: 336)[/success]
2026-04-23 11:01:50,489 - dataset_collector - INFO - [success] Finished mode both: 15/15 (duplicate skipped: 278)[/success]
2026-04-23 11:01:50,885 - dataset_collector - INFO - [success] Capture done. Total saved images: 45. Skipped blurry frames: 4620. Skipped near-duplicate frames: 948[/success]
2026-04-23 11:02:43,761 - dataset_collector - INFO - [success] Finished mode left: 15/15 (duplicate skipped: 421)[/success]
2026-04-23 11:03:51,997 - dataset_collector - INFO - [success] Finished mode right: 15/15 (duplicate skipped: 643)[/success]
2026-04-23 11:05:32,588 - dataset_collector - INFO - [success] Finished mode both: 15/15 (duplicate skipped: 242)[/success]
2026-04-23 11:05:32,963 - dataset_collector - INFO - [success] Capture done. Total saved images: 45. Skipped blurry frames: 1330. Skipped near-duplicate frames: 1306[/success]
2026-04-23 11:09:11,922 - dataset_collector - INFO - [success] Finished mode left: 15/15 (duplicate skipped: 152)[/success]
2026-04-23 11:10:53,083 - dataset_collector - INFO - [success] Finished mode right: 15/15 (duplicate skipped: 316)[/success]
2026-04-23 11:11:30,689 - dataset_collector - INFO - [success] Finished mode both: 15/15 (duplicate skipped: 258)[/success]
2026-04-23 11:11:31,046 - dataset_collector - INFO - [success] Capture done. Total saved images: 45. Skipped blurry frames: 2386. Skipped near-duplicate frames: 726[/success]
2026-04-23 11:12:14,552 - dataset_collector - INFO - [success] Finished mode left: 15/15 (duplicate skipped: 174)[/success]
2026-04-23 11:12:50,444 - dataset_collector - INFO - [success] Finished mode right: 15/15 (duplicate skipped: 76)[/success]
2026-04-23 11:13:12,525 - dataset_collector - INFO - [success] Finished mode both: 15/15 (duplicate skipped: 56)[/success]
2026-04-23 11:13:12,878 - dataset_collector - INFO - [success] Capture done. Total saved images: 45. Skipped blurry frames: 638. Skipped near-duplicate frames: 306[/success]
2026-04-23 11:14:11,475 - dataset_collector - INFO - [success] Finished mode left: 15/15 (duplicate skipped: 347)[/success]
2026-04-23 11:14:56,660 - dataset_collector - INFO - [success] Finished mode right: 15/15 (duplicate skipped: 432)[/success]
2026-04-23 11:15:28,538 - dataset_collector - INFO - [success] Finished mode both: 15/15 (duplicate skipped: 286)[/success]
2026-04-23 11:15:28,881 - dataset_collector - INFO - [success] Capture done. Total saved images: 45. Skipped blurry frames: 303. Skipped near-duplicate frames: 1065[/success]
2026-04-23 11:16:12,828 - dataset_collector - INFO - [success] Finished mode left: 15/15 (duplicate skipped: 316)[/success]
2026-04-23 11:16:56,357 - dataset_collector - INFO - [success] Finished mode right: 15/15 (duplicate skipped: 533)[/success]
2026-04-23 11:17:09,656 - dataset_collector - INFO - [success] Finished mode both: 15/15 (duplicate skipped: 30)[/success]
2026-04-23 11:17:10,056 - dataset_collector - INFO - [success] Capture done. Total saved images: 45. Skipped blurry frames: 60. Skipped near-duplicate frames: 879[/success]
2026-04-23 11:17:47,423 - dataset_collector - INFO - [success] Finished mode left: 15/15 (duplicate skipped: 242)[/success]
2026-04-23 11:18:20,428 - dataset_collector - INFO - [success] Finished mode right: 15/15 (duplicate skipped: 293)[/success]
2026-04-23 11:18:40,380 - dataset_collector - INFO - [success] Finished mode both: 15/15 (duplicate skipped: 122)[/success]
2026-04-23 11:18:40,716 - dataset_collector - INFO - [success] Capture done. Total saved images: 45. Skipped blurry frames: 69. Skipped near-duplicate frames: 657[/success]
2026-04-23 12:09:02,309 - dataset_collector - WARNING - [warning]Capture interrupted by user[/warning]
2026-04-23 12:09:02,659 - dataset_collector - INFO - [success] Capture done. Total saved images: 7. Skipped blurry frames: 2651. Skipped near-duplicate frames: 229[/success]
2026-04-23 12:09:58,753 - dataset_collector - INFO - [success] Finished mode left: 15/15 (duplicate skipped: 435)[/success]
2026-04-23 12:10:33,184 - dataset_collector - INFO - [success] Finished mode right: 15/15 (duplicate skipped: 304)[/success]
2026-04-23 12:10:55,098 - dataset_collector - INFO - [success] Finished mode both: 15/15 (duplicate skipped: 176)[/success]
2026-04-23 12:10:55,452 - dataset_collector - INFO - [success] Capture done. Total saved images: 45. Skipped blurry frames: 99. Skipped near-duplicate frames: 915[/success]
2026-04-23 12:11:30,605 - dataset_collector - INFO - [success] Finished mode left: 15/15 (duplicate skipped: 229)[/success]
2026-04-23 12:12:09,669 - dataset_collector - INFO - [success] Finished mode right: 15/15 (duplicate skipped: 407)[/success]
2026-04-23 12:12:35,587 - dataset_collector - INFO - [success] Finished mode both: 15/15 (duplicate skipped: 226)[/success]
2026-04-23 12:12:35,980 - dataset_collector - INFO - [success] Capture done. Total saved images: 45. Skipped blurry frames: 54. Skipped near-duplicate frames: 862[/success]
2026-04-23 12:13:19,442 - dataset_collector - INFO - [success] Finished mode left: 15/15 (duplicate skipped: 376)[/success]
2026-04-23 12:13:57,467 - dataset_collector - INFO - [success] Finished mode right: 15/15 (duplicate skipped: 327)[/success]
2026-04-23 12:14:36,257 - dataset_collector - INFO - [success] Finished mode both: 15/15 (duplicate skipped: 477)[/success]
2026-04-23 12:14:36,617 - dataset_collector - INFO - [success] Capture done. Total saved images: 45. Skipped blurry frames: 188. Skipped near-duplicate frames: 1180[/success]
2026-04-23 12:15:27,819 - dataset_collector - INFO - [success] Finished mode left: 15/15 (duplicate skipped: 580)[/success]
2026-04-23 12:16:49,570 - dataset_collector - INFO - [success] Finished mode right: 15/15 (duplicate skipped: 1126)[/success]
2026-04-23 12:17:23,934 - dataset_collector - INFO - [success] Finished mode both: 15/15 (duplicate skipped: 277)[/success]
2026-04-23 12:17:24,286 - dataset_collector - INFO - [success] Capture done. Total saved images: 45. Skipped blurry frames: 41. Skipped near-duplicate frames: 1983[/success]
